
╔══════════════════════════════════════════════════════════════╗
║             PART 1: DYNAMIC INSTRUCTION PROFILE              ║
╚══════════════════════════════════════════════════════════════╝
  Fast-Forward Count : 43000000000
  Total Instructions : 44000000000

#    Type                     Count          Percent   
-------------------------------------------------------
1    Loads                    371203494      23.186%
2    Stores                   229800842      14.354%
3    NOPs                     802289         0.050%
4    Direct Calls             21333587       1.333%
5    Indirect Calls           3688428        0.230%
6    Returns                  25022010       1.563%
7    Uncond Branches          22188322       1.386%
8    Cond Branches            117336435      7.329%
9    Logical Ops              60021549       3.749%
10   Rotate & Shift           7138155        0.446%
11   Flag Ops                 20157212       1.259%
12   Vector (AVX)             0              0.000%
13   Cond Moves               0              0.000%
14   MMX/SSE                  0              0.000%
15   System Calls             0              0.000%
16   Floating Point           96954642       6.056%
17   The Rest                 625357371      39.060%
-------------------------------------------------------
     Total                    1601004336

╔══════════════════════════════════════════════════════════════╗
║                   PART 2: CPI ANALYSIS                       ║
╚══════════════════════════════════════════════════════════════╝
  Total Cycles:               43070303520
  Total Instructions:         1601004336
  CPI:                        26.9021

╔══════════════════════════════════════════════════════════════╗
║             PART 3: MEMORY FOOTPRINT                         ║
╚══════════════════════════════════════════════════════════════╝
  Unique 32-byte instruction chunks:    890
  Unique 32-byte data chunks:           528914

  Instruction chunks  [ single : multi ] = 958077831 : 41922170
  Data chunks         [ single : multi ] = 551087844 : 4472671

╔══════════════════════════════════════════════════════════════╗
║               PART 4: ia32 ISA PROPERTIES                    ║
╚══════════════════════════════════════════════════════════════╝

  [ Instruction Length Distribution ]
  Length    Count          
  -----------------------
  1         154604402      
  2         308590273      
  3         382033727      
  4         34345823       
  5         45116538       
  6         48807545       
  7         26501272       
  10        421            

  [ Operand Count Distribution ]
  Operands  Count          
  -----------------------
  0         802289         
  1         225761         
  2         518277155      
  3         281745371      
  4         172775261      
  5         25035663       
  6         1138501        

  [ Register & Memory Operand Counts ]
  ----------------------------------------
  2 register read operands:          540417988
  1 register write operand:          665526901
  3 memory operands:                 0
  1 memory read operand:             337134926
  2 memory write operands:           0

  [ Immediate Values ]
  ----------------------------------------
  Min:           -2092037281
  Max:           2147483647

  [ Displacement Values ]
  ----------------------------------------
  Min:           -104
  Max:           136117612

  [ Memory Bytes Touched ]
  ----------------------------------------
  Max bytes:     8
  Avg bytes:     4.2217

╚══════════════════════════════════════════════════════════════╝

