
╔══════════════════════════════════════════════════════════════╗
║             PART 1: DYNAMIC INSTRUCTION PROFILE              ║
╚══════════════════════════════════════════════════════════════╝
  Fast-Forward Count : 207000000000
  Total Instructions : 208000000005

#    Type                     Count          Percent   
-------------------------------------------------------
1    Loads                    355701101      22.768%
2    Stores                   206749417      13.234%
3    NOPs                     993048         0.064%
4    Direct Calls             12970842       0.830%
5    Indirect Calls           2781696        0.178%
6    Returns                  15752540       1.008%
7    Uncond Branches          30458025       1.950%
8    Cond Branches            130139652      8.330%
9    Logical Ops              100625810      6.441%
10   Rotate & Shift           4249337        0.272%
11   Flag Ops                 876471         0.056%
12   Vector (AVX)             0              0.000%
13   Cond Moves               0              0.000%
14   MMX/SSE                  0              0.000%
15   System Calls             0              0.000%
16   Floating Point           979720         0.063%
17   The Rest                 700010229      44.807%
-------------------------------------------------------
     Total                    1562287888

╔══════════════════════════════════════════════════════════════╗
║                   PART 2: CPI ANALYSIS                       ║
╚══════════════════════════════════════════════════════════════╝
  Total Cycles:               40371373630
  Total Instructions:         1562287888
  CPI:                        25.8412

╔══════════════════════════════════════════════════════════════╗
║             PART 3: MEMORY FOOTPRINT                         ║
╚══════════════════════════════════════════════════════════════╝
  Unique 32-byte instruction chunks:    2812
  Unique 32-byte data chunks:           31366

  Instruction chunks  [ single : multi ] = 921826989 : 78173009
  Data chunks         [ single : multi ] = 552258993 : 25031

╔══════════════════════════════════════════════════════════════╗
║               PART 4: ia32 ISA PROPERTIES                    ║
╚══════════════════════════════════════════════════════════════╝

  [ Instruction Length Distribution ]
  Length    Count          
  -----------------------
  1         117805271      
  2         257141215      
  3         275248502      
  4         53040061       
  5         78565534       
  6         184240878      
  7         33958497       
  8         28             
  10        12             

  [ Operand Count Distribution ]
  Operands  Count          
  -----------------------
  0         993048         
  1         1079574        
  2         519978803      
  3         355021753      
  4         103960248      
  5         15754261       
  6         3212311        

  [ Register & Memory Operand Counts ]
  ----------------------------------------
  2 register read operands:          538478789
  1 register write operand:          684628379
  3 memory operands:                 0
  1 memory read operand:             353933950
  2 memory write operands:           0

  [ Immediate Values ]
  ----------------------------------------
  Min:           -2147483648
  Max:           2147483647

  [ Displacement Values ]
  ----------------------------------------
  Min:           -1408
  Max:           135918120

  [ Memory Bytes Touched ]
  ----------------------------------------
  Max bytes:     8
  Avg bytes:     3.7405

╚══════════════════════════════════════════════════════════════╝

