
╔══════════════════════════════════════════════════════════════╗
║             PART 1: DYNAMIC INSTRUCTION PROFILE              ║
╚══════════════════════════════════════════════════════════════╝
  Fast-Forward Count : 1331000000000
  Total Instructions : 1332000000003

#    Type                     Count          Percent   
-------------------------------------------------------
1    Loads                    364640083      23.830%
2    Stores                   166007418      10.849%
3    NOPs                     22970337       1.501%
4    Direct Calls             12799219       0.836%
5    Indirect Calls           8905400        0.582%
6    Returns                  21702556       1.418%
7    Uncond Branches          8369243        0.547%
8    Cond Branches            180871346      11.820%
9    Logical Ops              36973896       2.416%
10   Rotate & Shift           5434374        0.355%
11   Flag Ops                 1615549        0.106%
12   Vector (AVX)             0              0.000%
13   Cond Moves               0              0.000%
14   MMX/SSE                  0              0.000%
15   System Calls             0              0.000%
16   Floating Point           7056195        0.461%
17   The Rest                 692843171      45.278%
-------------------------------------------------------
     Total                    1530188787

╔══════════════════════════════════════════════════════════════╗
║                   PART 2: CPI ANALYSIS                       ║
╚══════════════════════════════════════════════════════════════╝
  Total Cycles:               38144866356
  Total Instructions:         1530188787
  CPI:                        24.9282

╔══════════════════════════════════════════════════════════════╗
║             PART 3: MEMORY FOOTPRINT                         ║
╚══════════════════════════════════════════════════════════════╝
  Unique 32-byte instruction chunks:    2275
  Unique 32-byte data chunks:           561511

  Instruction chunks  [ single : multi ] = 969411950 : 30588050
  Data chunks         [ single : multi ] = 522262266 : 1899767

╔══════════════════════════════════════════════════════════════╗
║               PART 4: ia32 ISA PROPERTIES                    ║
╚══════════════════════════════════════════════════════════════╝

  [ Instruction Length Distribution ]
  Length    Count          
  -----------------------
  1         144654177      
  2         323626289      
  3         446361342      
  4         30948376       
  5         23407601       
  6         23173778       
  7         7455735        
  8         253090         
  9         57286          
  10        62326          

  [ Operand Count Distribution ]
  Operands  Count          
  -----------------------
  0         22970337       
  1         722859         
  2         420429512      
  3         416887365      
  4         99202797       
  5         23593342       
  6         16193788       

  [ Register & Memory Operand Counts ]
  ----------------------------------------
  2 register read operands:          456116669
  1 register write operand:          687997245
  3 memory operands:                 0
  1 memory read operand:             362381635
  2 memory write operands:           0

  [ Immediate Values ]
  ----------------------------------------
  Min:           -1431655765
  Max:           2147483647

  [ Displacement Values ]
  ----------------------------------------
  Min:           -1392
  Max:           139657912

  [ Memory Bytes Touched ]
  ----------------------------------------
  Max bytes:     8
  Avg bytes:     4.1663

╚══════════════════════════════════════════════════════════════╝

